187.208.132.175 - - [08/Mar/2020:03:38:36 +0000] "GET /vendor/bootstrap/js/bootstrap.bundle.min.js HTTP/1.1" 200 22648 "http://www.intermediclife.com/" "Mozilla/5.0 (iPhone; CPU iPhone OS 13_3_1 like Mac OS X) AppleWebKit/605.1.15 (KHTML, like Gecko) Version/13.0.5 Mobile/15E148 Safari/604.1"
187.208.132.175 - - [08/Mar/2020:03:38:36 +0000] "GET /vendor/jquery/jquery.min.js HTTP/1.1" 200 31030 "http://www.intermediclife.com/" "Mozilla/5.0 (iPhone; CPU iPhone OS 13_3_1 like Mac OS X) AppleWebKit/605.1.15 (KHTML, like Gecko) Version/13.0.5 Mobile/15E148 Safari/604.1"
187.208.132.175 - - [08/Mar/2020:03:38:36 +0000] "GET /vendor/fontawesome-free/css/all.min.css HTTP/1.1" 200 12613 "http://www.intermediclife.com/" "Mozilla/5.0 (iPhone; CPU iPhone OS 13_3_1 like Mac OS X) AppleWebKit/605.1.15 (KHTML, like Gecko) Version/13.0.5 Mobile/15E148 Safari/604.1"
187.208.132.175 - - [08/Mar/2020:03:38:36 +0000] "GET /vendor/jquery-easing/jquery.easing.min.js HTTP/1.1" 200 1166 "http://www.intermediclife.com/" "Mozilla/5.0 (iPhone; CPU iPhone OS 13_3_1 like Mac OS X) AppleWebKit/605.1.15 (KHTML, like Gecko) Version/13.0.5 Mobile/15E148 Safari/604.1"
187.208.132.175 - - [08/Mar/2020:03:38:36 +0000] "GET /js/creative.min.js HTTP/1.1" 200 1040 "http://www.intermediclife.com/" "Mozilla/5.0 (iPhone; CPU iPhone OS 13_3_1 like Mac OS X) AppleWebKit/605.1.15 (KHTML, like Gecko) Version/13.0.5 Mobile/15E148 Safari/604.1"
187.208.132.175 - - [08/Mar/2020:03:38:36 +0000] "GET /vendor/magnific-popup/jquery.magnific-popup.min.js HTTP/1.1" 200 7697 "http://www.intermediclife.com/" "Mozilla/5.0 (iPhone; CPU iPhone OS 13_3_1 like Mac OS X) AppleWebKit/605.1.15 (KHTML, like Gecko) Version/13.0.5 Mobile/15E148 Safari/604.1"
187.208.132.175 - - [08/Mar/2020:03:38:36 +0000] "GET /vendor/fontawesome-free/webfonts/fa-solid-900.woff2 HTTP/1.1" 304 182 "http://www.intermediclife.com/" "Mozilla/5.0 (iPhone; CPU iPhone OS 13_3_1 like Mac OS X) AppleWebKit/605.1.15 (KHTML, like Gecko) Version/13.0.5 Mobile/15E148 Safari/604.1"
187.208.132.175 - - [08/Mar/2020:03:38:36 +0000] "GET /img/portfolio/thumbnails/1.jpg HTTP/1.1" 304 181 "http://www.intermediclife.com/" "Mozilla/5.0 (iPhone; CPU iPhone OS 13_3_1 like Mac OS X) AppleWebKit/605.1.15 (KHTML, like Gecko) Version/13.0.5 Mobile/15E148 Safari/604.1"
187.208.132.175 - - [08/Mar/2020:03:38:36 +0000] "GET /css/creative.min.css HTTP/1.1" 200 23705 "http://www.intermediclife.com/" "Mozilla/5.0 (iPhone; CPU iPhone OS 13_3_1 like Mac OS X) AppleWebKit/605.1.15 (KHTML, like Gecko) Version/13.0.5 Mobile/15E148 Safari/604.1"
187.208.132.175 - - [08/Mar/2020:03:38:36 +0000] "GET /img/portfolio/thumbnails/2.jpg HTTP/1.1" 304 181 "http://www.intermediclife.com/" "Mozilla/5.0 (iPhone; CPU iPhone OS 13_3_1 like Mac OS X) AppleWebKit/605.1.15 (KHTML, like Gecko) Version/13.0.5 Mobile/15E148 Safari/604.1"
187.208.132.175 - - [08/Mar/2020:03:38:36 +0000] "GET /img/portfolio/thumbnails/3.jpg HTTP/1.1" 304 181 "http://www.intermediclife.com/" "Mozilla/5.0 (iPhone; CPU iPhone OS 13_3_1 like Mac OS X) AppleWebKit/605.1.15 (KHTML, like Gecko) Version/13.0.5 Mobile/15E148 Safari/604.1"
187.208.132.175 - - [08/Mar/2020:03:38:36 +0000] "GET /img/portfolio/thumbnails/4.jpg HTTP/1.1" 304 181 "http://www.intermediclife.com/" "Mozilla/5.0 (iPhone; CPU iPhone OS 13_3_1 like Mac OS X) AppleWebKit/605.1.15 (KHTML, like Gecko) Version/13.0.5 Mobile/15E148 Safari/604.1"
187.208.132.175 - - [08/Mar/2020:03:38:37 +0000] "GET /img/portfolio/thumbnails/6.jpg HTTP/1.1" 304 181 "http://www.intermediclife.com/" "Mozilla/5.0 (iPhone; CPU iPhone OS 13_3_1 like Mac OS X) AppleWebKit/605.1.15 (KHTML, like Gecko) Version/13.0.5 Mobile/15E148 Safari/604.1"
187.208.132.175 - - [08/Mar/2020:03:38:37 +0000] "GET /img/portfolio/thumbnails/5.jpg HTTP/1.1" 304 181 "http://www.intermediclife.com/" "Mozilla/5.0 (iPhone; CPU iPhone OS 13_3_1 like Mac OS X) AppleWebKit/605.1.15 (KHTML, like Gecko) Version/13.0.5 Mobile/15E148 Safari/604.1"
187.208.132.175 - - [08/Mar/2020:03:38:37 +0000] "GET /img/bg-masthead.jpg HTTP/1.1" 304 182 "http://www.intermediclife.com/" "Mozilla/5.0 (iPhone; CPU iPhone OS 13_3_1 like Mac OS X) AppleWebKit/605.1.15 (KHTML, like Gecko) Version/13.0.5 Mobile/15E148 Safari/604.1"
201.141.165.177 - - [08/Mar/2020:03:40:08 +0000] "GET / HTTP/1.1" 200 2636 "-" "Mozilla/5.0 (Windows NT 10.0; Win64; x64) AppleWebKit/537.36 (KHTML, like Gecko) Chrome/80.0.3987.132 Safari/537.36"
201.141.165.177 - - [08/Mar/2020:03:40:09 +0000] "GET /vendor/fontawesome-free/css/all.min.css HTTP/1.1" 200 12612 "http://www.intermediclife.com/" "Mozilla/5.0 (Windows NT 10.0; Win64; x64) AppleWebKit/537.36 (KHTML, like Gecko) Chrome/80.0.3987.132 Safari/537.36"
201.141.165.177 - - [08/Mar/2020:03:40:09 +0000] "GET /vendor/magnific-popup/magnific-popup.css HTTP/1.1" 200 2154 "http://www.intermediclife.com/" "Mozilla/5.0 (Windows NT 10.0; Win64; x64) AppleWebKit/537.36 (KHTML, like Gecko) Chrome/80.0.3987.132 Safari/537.36"
201.141.165.177 - - [08/Mar/2020:03:40:09 +0000] "GET /css/creative.min.css HTTP/1.1" 200 23705 "http://www.intermediclife.com/" "Mozilla/5.0 (Windows NT 10.0; Win64; x64) AppleWebKit/537.36 (KHTML, like Gecko) Chrome/80.0.3987.132 Safari/537.36"
201.141.165.177 - - [08/Mar/2020:03:40:09 +0000] "GET /img/portfolio/thumbnails/1.jpg HTTP/1.1" 304 182 "http://www.intermediclife.com/" "Mozilla/5.0 (Windows NT 10.0; Win64; x64) AppleWebKit/537.36 (KHTML, like Gecko) Chrome/80.0.3987.132 Safari/537.36"
201.141.165.177 - - [08/Mar/2020:03:40:09 +0000] "GET /img/portfolio/thumbnails/2.jpg HTTP/1.1" 304 182 "http://www.intermediclife.com/" "Mozilla/5.0 (Windows NT 10.0; Win64; x64) AppleWebKit/537.36 (KHTML, like Gecko) Chrome/80.0.3987.132 Safari/537.36"
201.141.165.177 - - [08/Mar/2020:03:40:09 +0000] "GET /vendor/bootstrap/js/bootstrap.bundle.min.js HTTP/1.1" 200 22648 "http://www.intermediclife.com/" "Mozilla/5.0 (Windows NT 10.0; Win64; x64) AppleWebKit/537.36 (KHTML, like Gecko) Chrome/80.0.3987.132 Safari/537.36"
201.141.165.177 - - [08/Mar/2020:03:40:09 +0000] "GET /vendor/jquery/jquery.min.js HTTP/1.1" 200 31030 "http://www.intermediclife.com/" "Mozilla/5.0 (Windows NT 10.0; Win64; x64) AppleWebKit/537.36 (KHTML, like Gecko) Chrome/80.0.3987.132 Safari/537.36"
201.141.165.177 - - [08/Mar/2020:03:40:09 +0000] "GET /vendor/jquery-easing/jquery.easing.min.js HTTP/1.1" 200 1166 "http://www.intermediclife.com/" "Mozilla/5.0 (Windows NT 10.0; Win64; x64) AppleWebKit/537.36 (KHTML, like Gecko) Chrome/80.0.3987.132 Safari/537.36"
201.141.165.177 - - [08/Mar/2020:03:40:09 +0000] "GET /js/creative.min.js HTTP/1.1" 200 1040 "http://www.intermediclife.com/" "Mozilla/5.0 (Windows NT 10.0; Win64; x64) AppleWebKit/537.36 (KHTML, like Gecko) Chrome/80.0.3987.132 Safari/537.36"
201.141.165.177 - - [08/Mar/2020:03:40:09 +0000] "GET /vendor/magnific-popup/jquery.magnific-popup.min.js HTTP/1.1" 200 7697 "http://www.intermediclife.com/" "Mozilla/5.0 (Windows NT 10.0; Win64; x64) AppleWebKit/537.36 (KHTML, like Gecko) Chrome/80.0.3987.132 Safari/537.36"
201.141.165.177 - - [08/Mar/2020:03:40:09 +0000] "GET /img/portfolio/thumbnails/3.jpg HTTP/1.1" 304 182 "http://www.intermediclife.com/" "Mozilla/5.0 (Windows NT 10.0; Win64; x64) AppleWebKit/537.36 (KHTML, like Gecko) Chrome/80.0.3987.132 Safari/537.36"
201.141.165.177 - - [08/Mar/2020:03:40:09 +0000] "GET /img/portfolio/thumbnails/4.jpg HTTP/1.1" 304 181 "http://www.intermediclife.com/" "Mozilla/5.0 (Windows NT 10.0; Win64; x64) AppleWebKit/537.36 (KHTML, like Gecko) Chrome/80.0.3987.132 Safari/537.36"
201.141.165.177 - - [08/Mar/2020:03:40:09 +0000] "GET /img/portfolio/thumbnails/5.jpg HTTP/1.1" 304 181 "http://www.intermediclife.com/" "Mozilla/5.0 (Windows NT 10.0; Win64; x64) AppleWebKit/537.36 (KHTML, like Gecko) Chrome/80.0.3987.132 Safari/537.36"
201.141.165.177 - - [08/Mar/2020:03:40:09 +0000] "GET /img/portfolio/thumbnails/6.jpg HTTP/1.1" 304 181 "http://www.intermediclife.com/" "Mozilla/5.0 (Windows NT 10.0; Win64; x64) AppleWebKit/537.36 (KHTML, like Gecko) Chrome/80.0.3987.132 Safari/537.36"
201.141.165.177 - - [08/Mar/2020:03:40:10 +0000] "GET /img/bg-masthead.jpg HTTP/1.1" 304 182 "http://www.intermediclife.com/css/creative.min.css" "Mozilla/5.0 (Windows NT 10.0; Win64; x64) AppleWebKit/537.36 (KHTML, like Gecko) Chrome/80.0.3987.132 Safari/537.36"
201.141.165.177 - - [08/Mar/2020:03:40:10 +0000] "GET /vendor/fontawesome-free/webfonts/fa-solid-900.woff2 HTTP/1.1" 304 182 "http://www.intermediclife.com/vendor/fontawesome-free/css/all.min.css" "Mozilla/5.0 (Windows NT 10.0; Win64; x64) AppleWebKit/537.36 (KHTML, like Gecko) Chrome/80.0.3987.132 Safari/537.36"
201.141.165.177 - - [08/Mar/2020:03:40:29 +0000] "GET / HTTP/1.1" 200 2636 "-" "Mozilla/5.0 (Windows NT 10.0; Win64; x64) AppleWebKit/537.36 (KHTML, like Gecko) Chrome/80.0.3987.132 Safari/537.36"
201.141.165.177 - - [08/Mar/2020:03:41:11 +0000] "GET / HTTP/1.1" 200 2636 "-" "Mozilla/5.0 (Windows NT 10.0; Win64; x64) AppleWebKit/537.36 (KHTML, like Gecko) Chrome/80.0.3987.132 Safari/537.36"
104.238.248.13 - - [08/Mar/2020:08:31:07 +0000] "GET / HTTP/1.1" 200 10322 "-" "Mozilla/5.0 (Windows NT 10.0; Win64; x64) AppleWebKit/537.36 (KHTML, like Gecko) Chrome/60.0.3112.113 Safari/537.36"
104.238.248.13 - - [08/Mar/2020:08:31:07 +0000] "GET / HTTP/1.1" 200 10322 "http://www.INTERMEDICLIFE.com/" "Mozilla/5.0 (Windows NT 10.0; Win64; x64) AppleWebKit/537.36 (KHTML, like Gecko) Chrome/60.0.3112.113 Safari/537.36"
93.63.162.100 - - [08/Mar/2020:09:12:52 +0000] "GET / HTTP/1.1" 200 10378 "-" "Mozilla/5.0 (Windows NT 10.0; Win64; x64) AppleWebKit/537.36 (KHTML, like Gecko) Chrome/74.0.3729.169 Safari/537.36"
93.63.162.100 - - [08/Mar/2020:09:34:40 +0000] "GET / HTTP/1.1" 200 10378 "-" "Mozilla/5.0 (Windows NT 10.0; Win64; x64) AppleWebKit/537.36 (KHTML, like Gecko) Chrome/74.0.3729.169 Safari/537.36"
158.69.64.72 - - [08/Mar/2020:09:59:18 +0000] "GET / HTTP/1.1" 200 2636 "-" "python-requests/2.18.4"
93.63.162.100 - - [08/Mar/2020:10:08:32 +0000] "GET / HTTP/1.1" 200 10378 "-" "Mozilla/5.0 (Windows NT 10.0; Win64; x64) AppleWebKit/537.36 (KHTML, like Gecko) Chrome/74.0.3729.169 Safari/537.36"
93.63.162.100 - - [08/Mar/2020:11:41:28 +0000] "GET / HTTP/1.1" 200 10378 "-" "Mozilla/5.0 (Windows NT 10.0; Win64; x64) AppleWebKit/537.36 (KHTML, like Gecko) Chrome/74.0.3729.169 Safari/537.36"
35.184.91.238 - - [08/Mar/2020:12:39:43 +0000] "GET / HTTP/1.1" 200 2636 "-" "Mozilla/5.0 (X11; Linux x86_64) AppleWebKit/537.36 (KHTML, like Gecko) Chrome/59.0.3071.104 Safari/537.36"
35.184.91.238 - - [08/Mar/2020:12:39:49 +0000] "GET / HTTP/1.1" 200 2636 "-" "Mozilla/5.0 (X11; Linux x86_64) AppleWebKit/537.36 (KHTML, like Gecko) Chrome/70.0.3538.67 Safari/537.36"
35.184.91.238 - - [08/Mar/2020:12:39:49 +0000] "GET /vendor/fontawesome-free/css/all.min.css HTTP/1.1" 200 12612 "http://intermediclife.com/" "Mozilla/5.0 (X11; Linux x86_64) AppleWebKit/537.36 (KHTML, like Gecko) Chrome/70.0.3538.67 Safari/537.36"
35.184.91.238 - - [08/Mar/2020:12:39:49 +0000] "GET /vendor/magnific-popup/magnific-popup.css HTTP/1.1" 200 2153 "http://intermediclife.com/" "Mozilla/5.0 (X11; Linux x86_64) AppleWebKit/537.36 (KHTML, like Gecko) Chrome/70.0.3538.67 Safari/537.36"
35.184.91.238 - - [08/Mar/2020:12:39:50 +0000] "GET /vendor/bootstrap/js/bootstrap.bundle.min.js HTTP/1.1" 200 22649 "http://intermediclife.com/" "Mozilla/5.0 (X11; Linux x86_64) AppleWebKit/537.36 (KHTML, like Gecko) Chrome/70.0.3538.67 Safari/537.36"
35.184.91.238 - - [08/Mar/2020:12:39:50 +0000] "GET /vendor/jquery-easing/jquery.easing.min.js HTTP/1.1" 200 1167 "http://intermediclife.com/" "Mozilla/5.0 (X11; Linux x86_64) AppleWebKit/537.36 (KHTML, like Gecko) Chrome/70.0.3538.67 Safari/537.36"
35.184.91.238 - - [08/Mar/2020:12:39:50 +0000] "GET /js/creative.min.js HTTP/1.1" 200 1041 "http://intermediclife.com/" "Mozilla/5.0 (X11; Linux x86_64) AppleWebKit/537.36 (KHTML, like Gecko) Chrome/70.0.3538.67 Safari/537.36"
35.184.91.238 - - [08/Mar/2020:12:39:50 +0000] "GET /vendor/magnific-popup/jquery.magnific-popup.min.js HTTP/1.1" 200 7698 "http://intermediclife.com/" "Mozilla/5.0 (X11; Linux x86_64) AppleWebKit/537.36 (KHTML, like Gecko) Chrome/70.0.3538.67 Safari/537.36"
35.184.91.238 - - [08/Mar/2020:12:39:50 +0000] "GET /img/portfolio/thumbnails/2.jpg HTTP/1.1" 200 48389 "http://intermediclife.com/" "Mozilla/5.0 (X11; Linux x86_64) AppleWebKit/537.36 (KHTML, like Gecko) Chrome/70.0.3538.67 Safari/537.36"
35.184.91.238 - - [08/Mar/2020:12:39:50 +0000] "GET /img/portfolio/thumbnails/3.jpg HTTP/1.1" 200 48516 "http://intermediclife.com/" "Mozilla/5.0 (X11; Linux x86_64) AppleWebKit/537.36 (KHTML, like Gecko) Chrome/70.0.3538.67 Safari/537.36"
35.184.91.238 - - [08/Mar/2020:12:39:50 +0000] "GET /img/portfolio/thumbnails/1.jpg HTTP/1.1" 200 64076 "http://intermediclife.com/" "Mozilla/5.0 (X11; Linux x86_64) AppleWebKit/537.36 (KHTML, like Gecko) Chrome/70.0.3538.67 Safari/537.36"
35.184.91.238 - - [08/Mar/2020:12:39:50 +0000] "GET /css/creative.min.css HTTP/1.1" 200 23704 "http://intermediclife.com/" "Mozilla/5.0 (X11; Linux x86_64) AppleWebKit/537.36 (KHTML, like Gecko) Chrome/70.0.3538.67 Safari/537.36"
35.184.91.238 - - [08/Mar/2020:12:39:50 +0000] "GET /vendor/jquery/jquery.min.js HTTP/1.1" 200 31031 "http://intermediclife.com/" "Mozilla/5.0 (X11; Linux x86_64) AppleWebKit/537.36 (KHTML, like Gecko) Chrome/70.0.3538.67 Safari/537.36"
35.184.91.238 - - [08/Mar/2020:12:39:50 +0000] "GET /img/portfolio/thumbnails/4.jpg HTTP/1.1" 200 49343 "http://intermediclife.com/" "Mozilla/5.0 (X11; Linux x86_64) AppleWebKit/537.36 (KHTML, like Gecko) Chrome/70.0.3538.67 Safari/537.36"
35.184.91.238 - - [08/Mar/2020:12:39:50 +0000] "GET /img/portfolio/thumbnails/6.jpg HTTP/1.1" 200 53716 "http://intermediclife.com/" "Mozilla/5.0 (X11; Linux x86_64) AppleWebKit/537.36 (KHTML, like Gecko) Chrome/70.0.3538.67 Safari/537.36"
35.184.91.238 - - [08/Mar/2020:12:39:50 +0000] "GET /img/portfolio/thumbnails/5.jpg HTTP/1.1" 200 62622 "http://intermediclife.com/" "Mozilla/5.0 (X11; Linux x86_64) AppleWebKit/537.36 (KHTML, like Gecko) Chrome/70.0.3538.67 Safari/537.36"
35.184.91.238 - - [08/Mar/2020:12:39:51 +0000] "GET /img/bg-masthead.jpg HTTP/1.1" 200 518851 "http://intermediclife.com/" "Mozilla/5.0 (X11; Linux x86_64) AppleWebKit/537.36 (KHTML, like Gecko) Chrome/70.0.3538.67 Safari/537.36"
35.184.91.238 - - [08/Mar/2020:12:39:51 +0000] "GET /vendor/fontawesome-free/webfonts/fa-solid-900.woff2 HTTP/1.1" 200 75671 "http://intermediclife.com/" "Mozilla/5.0 (X11; Linux x86_64) AppleWebKit/537.36 (KHTML, like Gecko) Chrome/70.0.3538.67 Safari/537.36"
35.184.91.238 - - [08/Mar/2020:12:39:51 +0000] "GET /vendor/fontawesome-free/webfonts/fa-regular-400.woff2 HTTP/1.1" 200 13846 "http://intermediclife.com/" "Mozilla/5.0 (X11; Linux x86_64) AppleWebKit/537.36 (KHTML, like Gecko) Chrome/70.0.3538.67 Safari/537.36"
35.166.44.162 - - [08/Mar/2020:14:32:57 +0000] "GET / HTTP/1.1" 200 2580 "-" "Go-http-client/1.1"
54.88.254.74 - - [08/Mar/2020:15:47:00 +0000] "GET / HTTP/1.1" 200 10322 "-" "Mozilla/5.0 (X11; Linux x86_64) AppleWebKit/537.36 (KHTML, like Gecko) Chrome/58.0.3029.110 Safari/537.36"
54.201.82.178 - - [08/Mar/2020:15:56:18 +0000] "GET / HTTP/1.1" 200 2636 "-" "Mozilla/5.0 (Windows NT 10.0; Win64; x64)AppleWebKit/537.36 (KHTML, like Gecko) Chrome/66.0.3359.181 Safari/537.36"
34.210.56.14 - - [08/Mar/2020:15:56:19 +0000] "GET / HTTP/1.1" 200 2636 "-" "Mozilla/5.0 (X11; Linux x86_64) AppleWebKit/537.36 (KHTML, like Gecko) HeadlessChrome/68.0.3440.106 Safari/537.36"
34.210.56.14 - - [08/Mar/2020:15:56:19 +0000] "GET /vendor/fontawesome-free/css/all.min.css HTTP/1.1" 200 12612 "http://intermediclife.com/" "Mozilla/5.0 (X11; Linux x86_64) AppleWebKit/537.36 (KHTML, like Gecko) HeadlessChrome/68.0.3440.106 Safari/537.36"
34.210.56.14 - - [08/Mar/2020:15:56:19 +0000] "GET /vendor/magnific-popup/magnific-popup.css HTTP/1.1" 200 2154 "http://intermediclife.com/" "Mozilla/5.0 (X11; Linux x86_64) AppleWebKit/537.36 (KHTML, like Gecko) HeadlessChrome/68.0.3440.106 Safari/537.36"
34.210.56.14 - - [08/Mar/2020:15:56:19 +0000] "GET /vendor/jquery/jquery.min.js HTTP/1.1" 200 31031 "http://intermediclife.com/" "Mozilla/5.0 (X11; Linux x86_64) AppleWebKit/537.36 (KHTML, like Gecko) HeadlessChrome/68.0.3440.106 Safari/537.36"
34.210.56.14 - - [08/Mar/2020:15:56:19 +0000] "GET /css/creative.min.css HTTP/1.1" 200 23705 "http://intermediclife.com/" "Mozilla/5.0 (X11; Linux x86_64) AppleWebKit/537.36 (KHTML, like Gecko) HeadlessChrome/68.0.3440.106 Safari/537.36"
34.210.56.14 - - [08/Mar/2020:15:56:19 +0000] "GET /vendor/magnific-popup/jquery.magnific-popup.min.js HTTP/1.1" 200 7697 "http://intermediclife.com/" "Mozilla/5.0 (X11; Linux x86_64) AppleWebKit/537.36 (KHTML, like Gecko) HeadlessChrome/68.0.3440.106 Safari/537.36"
34.210.56.14 - - [08/Mar/2020:15:56:19 +0000] "GET /vendor/jquery-easing/jquery.easing.min.js HTTP/1.1" 200 1166 "http://intermediclife.com/" "Mozilla/5.0 (X11; Linux x86_64) AppleWebKit/537.36 (KHTML, like Gecko) HeadlessChrome/68.0.3440.106 Safari/537.36"
34.210.56.14 - - [08/Mar/2020:15:56:19 +0000] "GET /vendor/bootstrap/js/bootstrap.bundle.min.js HTTP/1.1" 200 22648 "http://intermediclife.com/" "Mozilla/5.0 (X11; Linux x86_64) AppleWebKit/537.36 (KHTML, like Gecko) HeadlessChrome/68.0.3440.106 Safari/537.36"
34.210.56.14 - - [08/Mar/2020:15:56:19 +0000] "GET /js/creative.min.js HTTP/1.1" 200 1040 "http://intermediclife.com/" "Mozilla/5.0 (X11; Linux x86_64) AppleWebKit/537.36 (KHTML, like Gecko) HeadlessChrome/68.0.3440.106 Safari/537.36"
34.210.56.14 - - [08/Mar/2020:15:56:19 +0000] "GET /vendor/fontawesome-free/webfonts/fa-solid-900.woff2 HTTP/1.1" 200 75672 "http://intermediclife.com/vendor/fontawesome-free/css/all.min.css" "Mozilla/5.0 (X11; Linux x86_64) AppleWebKit/537.36 (KHTML, like Gecko) HeadlessChrome/68.0.3440.106 Safari/537.36"
34.210.56.14 - - [08/Mar/2020:15:56:19 +0000] "GET /img/portfolio/thumbnails/3.jpg HTTP/1.1" 200 48516 "http://intermediclife.com/" "Mozilla/5.0 (X11; Linux x86_64) AppleWebKit/537.36 (KHTML, like Gecko) HeadlessChrome/68.0.3440.106 Safari/537.36"
34.210.56.14 - - [08/Mar/2020:15:56:19 +0000] "GET /img/portfolio/thumbnails/1.jpg HTTP/1.1" 200 64076 "http://intermediclife.com/" "Mozilla/5.0 (X11; Linux x86_64) AppleWebKit/537.36 (KHTML, like Gecko) HeadlessChrome/68.0.3440.106 Safari/537.36"
34.210.56.14 - - [08/Mar/2020:15:56:19 +0000] "GET /img/portfolio/thumbnails/2.jpg HTTP/1.1" 200 48390 "http://intermediclife.com/" "Mozilla/5.0 (X11; Linux x86_64) AppleWebKit/537.36 (KHTML, like Gecko) HeadlessChrome/68.0.3440.106 Safari/537.36"
34.210.56.14 - - [08/Mar/2020:15:56:19 +0000] "GET /img/portfolio/thumbnails/4.jpg HTTP/1.1" 200 49343 "http://intermediclife.com/" "Mozilla/5.0 (X11; Linux x86_64) AppleWebKit/537.36 (KHTML, like Gecko) HeadlessChrome/68.0.3440.106 Safari/537.36"
34.210.56.14 - - [08/Mar/2020:15:56:19 +0000] "GET /img/portfolio/thumbnails/5.jpg HTTP/1.1" 200 62622 "http://intermediclife.com/" "Mozilla/5.0 (X11; Linux x86_64) AppleWebKit/537.36 (KHTML, like Gecko) HeadlessChrome/68.0.3440.106 Safari/537.36"
34.210.56.14 - - [08/Mar/2020:15:56:19 +0000] "GET /img/portfolio/thumbnails/6.jpg HTTP/1.1" 200 53716 "http://intermediclife.com/" "Mozilla/5.0 (X11; Linux x86_64) AppleWebKit/537.36 (KHTML, like Gecko) HeadlessChrome/68.0.3440.106 Safari/537.36"
34.210.56.14 - - [08/Mar/2020:15:56:19 +0000] "GET /img/bg-masthead.jpg HTTP/1.1" 200 518851 "http://intermediclife.com/css/creative.min.css" "Mozilla/5.0 (X11; Linux x86_64) AppleWebKit/537.36 (KHTML, like Gecko) HeadlessChrome/68.0.3440.106 Safari/537.36"
87.0.5.33 - - [08/Mar/2020:17:47:54 +0000] "GET / HTTP/1.1" 200 10341 "-" "Mozilla/5.1 (Windows NT 6.1; WOW64; rv:36.0) Gecko/20100101 Firefox/36.0"
187.208.132.175 - - [08/Mar/2020:18:01:15 +0000] "GET / HTTP/1.1" 200 2636 "-" "Mozilla/5.0 (iPhone; CPU iPhone OS 13_3_1 like Mac OS X) AppleWebKit/605.1.15 (KHTML, like Gecko) Version/13.0.5 Mobile/15E148 Safari/604.1"
187.208.132.175 - - [08/Mar/2020:18:01:15 +0000] "GET /vendor/magnific-popup/magnific-popup.css HTTP/1.1" 200 2154 "http://www.intermediclife.com/" "Mozilla/5.0 (iPhone; CPU iPhone OS 13_3_1 like Mac OS X) AppleWebKit/605.1.15 (KHTML, like Gecko) Version/13.0.5 Mobile/15E148 Safari/604.1"
187.208.132.175 - - [08/Mar/2020:18:01:15 +0000] "GET /vendor/fontawesome-free/css/all.min.css HTTP/1.1" 200 12613 "http://www.intermediclife.com/" "Mozilla/5.0 (iPhone; CPU iPhone OS 13_3_1 like Mac OS X) AppleWebKit/605.1.15 (KHTML, like Gecko) Version/13.0.5 Mobile/15E148 Safari/604.1"
187.208.132.175 - - [08/Mar/2020:18:01:15 +0000] "GET /css/creative.min.css HTTP/1.1" 200 23705 "http://www.intermediclife.com/" "Mozilla/5.0 (iPhone; CPU iPhone OS 13_3_1 like Mac OS X) AppleWebKit/605.1.15 (KHTML, like Gecko) Version/13.0.5 Mobile/15E148 Safari/604.1"
187.208.132.175 - - [08/Mar/2020:18:01:15 +0000] "GET /vendor/jquery/jquery.min.js HTTP/1.1" 200 31030 "http://www.intermediclife.com/" "Mozilla/5.0 (iPhone; CPU iPhone OS 13_3_1 like Mac OS X) AppleWebKit/605.1.15 (KHTML, like Gecko) Version/13.0.5 Mobile/15E148 Safari/604.1"
187.208.132.175 - - [08/Mar/2020:18:01:15 +0000] "GET /vendor/jquery-easing/jquery.easing.min.js HTTP/1.1" 200 1166 "http://www.intermediclife.com/" "Mozilla/5.0 (iPhone; CPU iPhone OS 13_3_1 like Mac OS X) AppleWebKit/605.1.15 (KHTML, like Gecko) Version/13.0.5 Mobile/15E148 Safari/604.1"
187.208.132.175 - - [08/Mar/2020:18:01:15 +0000] "GET /js/creative.min.js HTTP/1.1" 200 1040 "http://www.intermediclife.com/" "Mozilla/5.0 (iPhone; CPU iPhone OS 13_3_1 like Mac OS X) AppleWebKit/605.1.15 (KHTML, like Gecko) Version/13.0.5 Mobile/15E148 Safari/604.1"
187.208.132.175 - - [08/Mar/2020:18:01:15 +0000] "GET /vendor/bootstrap/js/bootstrap.bundle.min.js HTTP/1.1" 200 22648 "http://www.intermediclife.com/" "Mozilla/5.0 (iPhone; CPU iPhone OS 13_3_1 like Mac OS X) AppleWebKit/605.1.15 (KHTML, like Gecko) Version/13.0.5 Mobile/15E148 Safari/604.1"
187.208.132.175 - - [08/Mar/2020:18:01:15 +0000] "GET /vendor/magnific-popup/jquery.magnific-popup.min.js HTTP/1.1" 200 7697 "http://www.intermediclife.com/" "Mozilla/5.0 (iPhone; CPU iPhone OS 13_3_1 like Mac OS X) AppleWebKit/605.1.15 (KHTML, like Gecko) Version/13.0.5 Mobile/15E148 Safari/604.1"
187.208.132.175 - - [08/Mar/2020:18:01:15 +0000] "GET /vendor/fontawesome-free/webfonts/fa-solid-900.woff2 HTTP/1.1" 304 182 "http://www.intermediclife.com/" "Mozilla/5.0 (iPhone; CPU iPhone OS 13_3_1 like Mac OS X) AppleWebKit/605.1.15 (KHTML, like Gecko) Version/13.0.5 Mobile/15E148 Safari/604.1"
187.208.132.175 - - [08/Mar/2020:18:01:15 +0000] "GET /img/portfolio/thumbnails/1.jpg HTTP/1.1" 304 181 "http://www.intermediclife.com/" "Mozilla/5.0 (iPhone; CPU iPhone OS 13_3_1 like Mac OS X) AppleWebKit/605.1.15 (KHTML, like Gecko) Version/13.0.5 Mobile/15E148 Safari/604.1"
187.208.132.175 - - [08/Mar/2020:18:01:15 +0000] "GET /img/portfolio/thumbnails/2.jpg HTTP/1.1" 304 181 "http://www.intermediclife.com/" "Mozilla/5.0 (iPhone; CPU iPhone OS 13_3_1 like Mac OS X) AppleWebKit/605.1.15 (KHTML, like Gecko) Version/13.0.5 Mobile/15E148 Safari/604.1"
187.208.132.175 - - [08/Mar/2020:18:01:15 +0000] "GET /img/portfolio/thumbnails/3.jpg HTTP/1.1" 304 181 "http://www.intermediclife.com/" "Mozilla/5.0 (iPhone; CPU iPhone OS 13_3_1 like Mac OS X) AppleWebKit/605.1.15 (KHTML, like Gecko) Version/13.0.5 Mobile/15E148 Safari/604.1"
187.208.132.175 - - [08/Mar/2020:18:01:15 +0000] "GET /img/portfolio/thumbnails/4.jpg HTTP/1.1" 304 181 "http://www.intermediclife.com/" "Mozilla/5.0 (iPhone; CPU iPhone OS 13_3_1 like Mac OS X) AppleWebKit/605.1.15 (KHTML, like Gecko) Version/13.0.5 Mobile/15E148 Safari/604.1"
187.208.132.175 - - [08/Mar/2020:18:01:15 +0000] "GET /img/portfolio/thumbnails/5.jpg HTTP/1.1" 304 181 "http://www.intermediclife.com/" "Mozilla/5.0 (iPhone; CPU iPhone OS 13_3_1 like Mac OS X) AppleWebKit/605.1.15 (KHTML, like Gecko) Version/13.0.5 Mobile/15E148 Safari/604.1"
187.208.132.175 - - [08/Mar/2020:18:01:15 +0000] "GET /img/portfolio/thumbnails/6.jpg HTTP/1.1" 304 181 "http://www.intermediclife.com/" "Mozilla/5.0 (iPhone; CPU iPhone OS 13_3_1 like Mac OS X) AppleWebKit/605.1.15 (KHTML, like Gecko) Version/13.0.5 Mobile/15E148 Safari/604.1"
187.208.132.175 - - [08/Mar/2020:18:01:15 +0000] "GET /img/bg-masthead.jpg HTTP/1.1" 304 182 "http://www.intermediclife.com/" "Mozilla/5.0 (iPhone; CPU iPhone OS 13_3_1 like Mac OS X) AppleWebKit/605.1.15 (KHTML, like Gecko) Version/13.0.5 Mobile/15E148 Safari/604.1"
124.207.115.68 - - [08/Mar/2020:20:13:54 +0000] "HEAD / HTTP/1.1" 200 339 "-" "Mozilla/5.0 (Linux; Android 8.1.0; DRA-AL00 Build/HUAWEIDRA-AL00; wv) AppleWebKit/537.36 (KHTML, like Gecko) Version/4.0 Chrome/63.0.3239.83 Mobile Safari/537.36 T7/11.3 baiduboxapp/11.3.6.11 (Baidu; P1 8.1.0)"
87.0.5.33 - - [08/Mar/2020:20:51:35 +0000] "GET / HTTP/1.1" 200 10341 "-" "Mozilla/5.1 (Windows NT 6.1; WOW64; rv:36.0) Gecko/20100101 Firefox/36.0"
34.217.207.49 - - [09/Mar/2020:00:12:42 +0000] "GET / HTTP/1.1" 200 2636 "-" "Mozilla/5.0 (Windows NT 10.0; Win64; x64)AppleWebKit/537.36 (KHTML, like Gecko) Chrome/66.0.3359.181 Safari/537.36"
34.217.18.160 - - [09/Mar/2020:00:12:42 +0000] "GET / HTTP/1.1" 200 2599 "-" "Mozilla/5.0 (X11; Linux x86_64) AppleWebKit/537.36 (KHTML, like Gecko) Chrome/76.0.3809.100 Safari/537.36"
51.89.228.207 - - [09/Mar/2020:00:25:27 +0000] "GET / HTTP/1.1" 200 2636 "-" "Mozilla/5.0 (Windows NT 10.0; Win64; x64; rv:71.0) Gecko/20100101 Firefox/71.0"
51.89.228.207 - - [09/Mar/2020:00:25:27 +0000] "GET /ads.txt HTTP/1.1" 404 497 "-" "Mozilla/5.0 (Windows NT 10.0; Win64; x64; rv:71.0) Gecko/20100101 Firefox/71.0"
35.222.19.128 - - [09/Mar/2020:00:55:04 +0000] "GET / HTTP/1.1" 200 2636 "-" "Mozilla/5.0 (X11; Linux x86_64) AppleWebKit/537.36 (KHTML, like Gecko) Chrome/59.0.3071.104 Safari/537.36"
35.222.19.128 - - [09/Mar/2020:00:55:05 +0000] "GET / HTTP/1.1" 200 2636 "-" "Mozilla/5.0 (X11; Linux x86_64) AppleWebKit/537.36 (KHTML, like Gecko) Chrome/70.0.3538.67 Safari/537.36"
35.222.19.128 - - [09/Mar/2020:00:55:05 +0000] "GET /vendor/fontawesome-free/css/all.min.css HTTP/1.1" 200 12612 "http://intermediclife.com/" "Mozilla/5.0 (X11; Linux x86_64) AppleWebKit/537.36 (KHTML, like Gecko) Chrome/70.0.3538.67 Safari/537.36"
35.222.19.128 - - [09/Mar/2020:00:55:05 +0000] "GET /vendor/magnific-popup/magnific-popup.css HTTP/1.1" 200 2153 "http://intermediclife.com/" "Mozilla/5.0 (X11; Linux x86_64) AppleWebKit/537.36 (KHTML, like Gecko) Chrome/70.0.3538.67 Safari/537.36"
35.222.19.128 - - [09/Mar/2020:00:55:05 +0000] "GET /vendor/magnific-popup/jquery.magnific-popup.min.js HTTP/1.1" 200 7698 "http://intermediclife.com/" "Mozilla/5.0 (X11; Linux x86_64) AppleWebKit/537.36 (KHTML, like Gecko) Chrome/70.0.3538.67 Safari/537.36"
35.222.19.128 - - [09/Mar/2020:00:55:05 +0000] "GET /vendor/jquery-easing/jquery.easing.min.js HTTP/1.1" 200 1167 "http://intermediclife.com/" "Mozilla/5.0 (X11; Linux x86_64) AppleWebKit/537.36 (KHTML, like Gecko) Chrome/70.0.3538.67 Safari/537.36"
35.222.19.128 - - [09/Mar/2020:00:55:05 +0000] "GET /js/creative.min.js HTTP/1.1" 200 1041 "http://intermediclife.com/" "Mozilla/5.0 (X11; Linux x86_64) AppleWebKit/537.36 (KHTML, like Gecko) Chrome/70.0.3538.67 Safari/537.36"
35.222.19.128 - - [09/Mar/2020:00:55:05 +0000] "GET /img/portfolio/thumbnails/2.jpg HTTP/1.1" 200 48389 "http://intermediclife.com/" "Mozilla/5.0 (X11; Linux x86_64) AppleWebKit/537.36 (KHTML, like Gecko) Chrome/70.0.3538.67 Safari/537.36"
35.222.19.128 - - [09/Mar/2020:00:55:05 +0000] "GET /img/portfolio/thumbnails/1.jpg HTTP/1.1" 200 64076 "http://intermediclife.com/" "Mozilla/5.0 (X11; Linux x86_64) AppleWebKit/537.36 (KHTML, like Gecko) Chrome/70.0.3538.67 Safari/537.36"
35.222.19.128 - - [09/Mar/2020:00:55:05 +0000] "GET /img/portfolio/thumbnails/3.jpg HTTP/1.1" 200 48516 "http://intermediclife.com/" "Mozilla/5.0 (X11; Linux x86_64) AppleWebKit/537.36 (KHTML, like Gecko) Chrome/70.0.3538.67 Safari/537.36"
35.222.19.128 - - [09/Mar/2020:00:55:05 +0000] "GET /img/portfolio/thumbnails/4.jpg HTTP/1.1" 200 49343 "http://intermediclife.com/" "Mozilla/5.0 (X11; Linux x86_64) AppleWebKit/537.36 (KHTML, like Gecko) Chrome/70.0.3538.67 Safari/537.36"
35.222.19.128 - - [09/Mar/2020:00:55:05 +0000] "GET /img/portfolio/thumbnails/5.jpg HTTP/1.1" 200 62622 "http://intermediclife.com/" "Mozilla/5.0 (X11; Linux x86_64) AppleWebKit/537.36 (KHTML, like Gecko) Chrome/70.0.3538.67 Safari/537.36"
35.222.19.128 - - [09/Mar/2020:00:55:05 +0000] "GET /vendor/bootstrap/js/bootstrap.bundle.min.js HTTP/1.1" 200 22649 "http://intermediclife.com/" "Mozilla/5.0 (X11; Linux x86_64) AppleWebKit/537.36 (KHTML, like Gecko) Chrome/70.0.3538.67 Safari/537.36"
35.222.19.128 - - [09/Mar/2020:00:55:05 +0000] "GET /vendor/jquery/jquery.min.js HTTP/1.1" 200 31031 "http://intermediclife.com/" "Mozilla/5.0 (X11; Linux x86_64) AppleWebKit/537.36 (KHTML, like Gecko) Chrome/70.0.3538.67 Safari/537.36"
35.222.19.128 - - [09/Mar/2020:00:55:05 +0000] "GET /img/portfolio/thumbnails/6.jpg HTTP/1.1" 200 53716 "http://intermediclife.com/" "Mozilla/5.0 (X11; Linux x86_64) AppleWebKit/537.36 (KHTML, like Gecko) Chrome/70.0.3538.67 Safari/537.36"
35.222.19.128 - - [09/Mar/2020:00:55:05 +0000] "GET /css/creative.min.css HTTP/1.1" 200 23704 "http://intermediclife.com/" "Mozilla/5.0 (X11; Linux x86_64) AppleWebKit/537.36 (KHTML, like Gecko) Chrome/70.0.3538.67 Safari/537.36"
35.222.19.128 - - [09/Mar/2020:00:55:05 +0000] "GET /img/bg-masthead.jpg HTTP/1.1" 200 518851 "http://intermediclife.com/" "Mozilla/5.0 (X11; Linux x86_64) AppleWebKit/537.36 (KHTML, like Gecko) Chrome/70.0.3538.67 Safari/537.36"
35.222.19.128 - - [09/Mar/2020:00:55:06 +0000] "GET /vendor/fontawesome-free/webfonts/fa-regular-400.woff2 HTTP/1.1" 200 13846 "http://intermediclife.com/" "Mozilla/5.0 (X11; Linux x86_64) AppleWebKit/537.36 (KHTML, like Gecko) Chrome/70.0.3538.67 Safari/537.36"
35.222.19.128 - - [09/Mar/2020:00:55:06 +0000] "GET /vendor/fontawesome-free/webfonts/fa-solid-900.woff2 HTTP/1.1" 200 75671 "http://intermediclife.com/" "Mozilla/5.0 (X11; Linux x86_64) AppleWebKit/537.36 (KHTML, like Gecko) Chrome/70.0.3538.67 Safari/537.36"
96.224.81.160 - - [09/Mar/2020:02:34:31 +0000] "GET / HTTP/1.1" 200 2636 "-" "Mozilla/5.0 (X11; Linux x86_64) AppleWebKit/537.36 (KHTML, like Gecko) Chrome/65.0.3325.181 Safari/537.36"
218.5.21.18 - - [09/Mar/2020:04:24:17 +0000] "GET / HTTP/1.1" 200 10341 "-" "Mozilla/5.0 (Windows NT 6.1; WOW64) AppleWebKit/537.1 (KHTML, like Gecko) Chrome/21.0.1180.89 Safari/537.1"
218.5.21.18 - - [09/Mar/2020:04:24:18 +0000] "GET /mailto:Contact.yourwebsite.com HTTP/1.1" 404 464 "-" "Mozilla/5.0 (Windows NT 6.1; WOW64) AppleWebKit/537.1 (KHTML, like Gecko) Chrome/21.0.1180.89 Safari/537.1"
54.189.169.208 - - [09/Mar/2020:04:53:49 +0000] "GET / HTTP/1.1" 200 2636 "-" "Mozilla/5.0 (Windows NT 6.1; WOW64; rv:48.0) Gecko/20100101 Firefox/48.0"
34.212.34.125 - - [09/Mar/2020:04:57:00 +0000] "GET /js/creative.min.js HTTP/1.1" 200 1004 "-" "Mozilla/5.0 (Windows NT 6.1) AppleWebKit/537.36 (KHTML, like Gecko) Chrome/41.0.2228.0 Safari/537.36"
34.221.181.158 - - [09/Mar/2020:04:57:00 +0000] "GET /vendor/jquery-easing/jquery.easing.min.js HTTP/1.1" 200 1130 "-" "Mozilla/5.0 (Windows NT 5.1) AppleWebKit/537.11 (KHTML like Gecko) Chrome/23.0.1271.95 Safari/537.11"
34.220.146.218 - - [09/Mar/2020:04:57:03 +0000] "GET /vendor/magnific-popup/jquery.magnific-popup.min.js HTTP/1.1" 200 7661 "-" "Mozilla/5.0 (Windows NT 6.3; Win64; x64) AppleWebKit/537.36 (KHTML, like Gecko) Chrome/37.0.2049.0 Safari/537.36"
50.112.201.42 - - [09/Mar/2020:04:57:08 +0000] "GET /vendor/bootstrap/js/bootstrap.bundle.min.js HTTP/1.1" 200 22612 "-" "Mozilla/5.0 (compatible; MSIE 10.0; Windows NT 6.1; WOW64; Trident/6.0)"
54.187.194.93 - - [09/Mar/2020:04:57:11 +0000] "GET /vendor/jquery/jquery.min.js HTTP/1.1" 200 30994 "-" "Mozilla/5.0 (Windows NT 6.1; WOW64; rv:50.0) Gecko/20100101 Firefox/50.0"
65.154.226.220 - - [09/Mar/2020:06:13:54 +0000] "GET / HTTP/1.1" 200 2636 "-" "Mozilla/5.0 (Windows NT 6.1; Win64; x64) AppleWebKit/537.36 (KHTML, like Gecko) Chrome/68.0.3440.106 Safari/537.36"
65.154.226.220 - - [09/Mar/2020:06:13:54 +0000] "GET /vendor/jquery/jquery.min.js HTTP/1.1" 200 31030 "http://intermediclife.com/" "Mozilla/5.0 (Windows NT 6.1; Win64; x64) AppleWebKit/537.36 (KHTML, like Gecko) Chrome/68.0.3440.106 Safari/537.36"
65.154.226.220 - - [09/Mar/2020:06:13:54 +0000] "GET /vendor/bootstrap/js/bootstrap.bundle.min.js HTTP/1.1" 200 22648 "http://intermediclife.com/" "Mozilla/5.0 (Windows NT 6.1; Win64; x64) AppleWebKit/537.36 (KHTML, like Gecko) Chrome/68.0.3440.106 Safari/537.36"
65.154.226.220 - - [09/Mar/2020:06:13:54 +0000] "GET /vendor/jquery-easing/jquery.easing.min.js HTTP/1.1" 200 1166 "http://intermediclife.com/" "Mozilla/5.0 (Windows NT 6.1; Win64; x64) AppleWebKit/537.36 (KHTML, like Gecko) Chrome/68.0.3440.106 Safari/537.36"
65.154.226.220 - - [09/Mar/2020:06:13:54 +0000] "GET /vendor/magnific-popup/jquery.magnific-popup.min.js HTTP/1.1" 200 7697 "http://intermediclife.com/" "Mozilla/5.0 (Windows NT 6.1; Win64; x64) AppleWebKit/537.36 (KHTML, like Gecko) Chrome/68.0.3440.106 Safari/537.36"
65.154.226.220 - - [09/Mar/2020:06:13:55 +0000] "GET /js/creative.min.js HTTP/1.1" 200 1040 "http://intermediclife.com/" "Mozilla/5.0 (Windows NT 6.1; Win64; x64) AppleWebKit/537.36 (KHTML, like Gecko) Chrome/68.0.3440.106 Safari/537.36"
65.154.226.220 - - [09/Mar/2020:06:13:58 +0000] "GET / HTTP/1.1" 200 2636 "-" "Mozilla/5.0 (X11; Linux x86_64) AppleWebKit/537.36 (KHTML, like Gecko) HeadlessChrome/78.0.3904.70 Safari/537.36"
65.154.226.220 - - [09/Mar/2020:06:13:58 +0000] "GET /vendor/fontawesome-free/css/all.min.css HTTP/1.1" 200 12612 "http://intermediclife.com/" "Mozilla/5.0 (X11; Linux x86_64) AppleWebKit/537.36 (KHTML, like Gecko) HeadlessChrome/78.0.3904.70 Safari/537.36"
65.154.226.220 - - [09/Mar/2020:06:13:58 +0000] "GET /vendor/magnific-popup/magnific-popup.css HTTP/1.1" 200 2154 "http://intermediclife.com/" "Mozilla/5.0 (X11; Linux x86_64) AppleWebKit/537.36 (KHTML, like Gecko) HeadlessChrome/78.0.3904.70 Safari/537.36"
65.154.226.220 - - [09/Mar/2020:06:13:58 +0000] "GET /vendor/bootstrap/js/bootstrap.bundle.min.js HTTP/1.1" 200 22648 "http://intermediclife.com/" "Mozilla/5.0 (X11; Linux x86_64) AppleWebKit/537.36 (KHTML, like Gecko) HeadlessChrome/78.0.3904.70 Safari/537.36"
65.154.226.220 - - [09/Mar/2020:06:13:58 +0000] "GET /vendor/jquery/jquery.min.js HTTP/1.1" 200 31031 "http://intermediclife.com/" "Mozilla/5.0 (X11; Linux x86_64) AppleWebKit/537.36 (KHTML, like Gecko) HeadlessChrome/78.0.3904.70 Safari/537.36"
65.154.226.220 - - [09/Mar/2020:06:13:58 +0000] "GET /css/creative.min.css HTTP/1.1" 200 23705 "http://intermediclife.com/" "Mozilla/5.0 (X11; Linux x86_64) AppleWebKit/537.36 (KHTML, like Gecko) HeadlessChrome/78.0.3904.70 Safari/537.36"
65.154.226.220 - - [09/Mar/2020:06:13:58 +0000] "GET /vendor/jquery-easing/jquery.easing.min.js HTTP/1.1" 200 1166 "http://intermediclife.com/" "Mozilla/5.0 (X11; Linux x86_64) AppleWebKit/537.36 (KHTML, like Gecko) HeadlessChrome/78.0.3904.70 Safari/537.36"
65.154.226.220 - - [09/Mar/2020:06:13:58 +0000] "GET /img/portfolio/thumbnails/2.jpg HTTP/1.1" 200 48390 "http://intermediclife.com/" "Mozilla/5.0 (X11; Linux x86_64) AppleWebKit/537.36 (KHTML, like Gecko) HeadlessChrome/78.0.3904.70 Safari/537.36"
65.154.226.220 - - [09/Mar/2020:06:13:58 +0000] "GET /img/portfolio/thumbnails/1.jpg HTTP/1.1" 200 64077 "http://intermediclife.com/" "Mozilla/5.0 (X11; Linux x86_64) AppleWebKit/537.36 (KHTML, like Gecko) HeadlessChrome/78.0.3904.70 Safari/537.36"
65.154.226.220 - - [09/Mar/2020:06:13:58 +0000] "GET /vendor/magnific-popup/jquery.magnific-popup.min.js HTTP/1.1" 200 7697 "http://intermediclife.com/" "Mozilla/5.0 (X11; Linux x86_64) AppleWebKit/537.36 (KHTML, like Gecko) HeadlessChrome/78.0.3904.70 Safari/537.36"
65.154.226.220 - - [09/Mar/2020:06:13:58 +0000] "GET /js/creative.min.js HTTP/1.1" 200 1040 "http://intermediclife.com/" "Mozilla/5.0 (X11; Linux x86_64) AppleWebKit/537.36 (KHTML, like Gecko) HeadlessChrome/78.0.3904.70 Safari/537.36"
65.154.226.220 - - [09/Mar/2020:06:13:58 +0000] "GET /img/portfolio/thumbnails/3.jpg HTTP/1.1" 200 48516 "http://intermediclife.com/" "Mozilla/5.0 (X11; Linux x86_64) AppleWebKit/537.36 (KHTML, like Gecko) HeadlessChrome/78.0.3904.70 Safari/537.36"
65.154.226.220 - - [09/Mar/2020:06:13:58 +0000] "GET /img/portfolio/thumbnails/4.jpg HTTP/1.1" 200 49343 "http://intermediclife.com/" "Mozilla/5.0 (X11; Linux x86_64) AppleWebKit/537.36 (KHTML, like Gecko) HeadlessChrome/78.0.3904.70 Safari/537.36"
65.154.226.220 - - [09/Mar/2020:06:13:58 +0000] "GET /img/portfolio/thumbnails/5.jpg HTTP/1.1" 200 62622 "http://intermediclife.com/" "Mozilla/5.0 (X11; Linux x86_64) AppleWebKit/537.36 (KHTML, like Gecko) HeadlessChrome/78.0.3904.70 Safari/537.36"
65.154.226.220 - - [09/Mar/2020:06:13:58 +0000] "GET /img/portfolio/thumbnails/6.jpg HTTP/1.1" 200 53716 "http://intermediclife.com/" "Mozilla/5.0 (X11; Linux x86_64) AppleWebKit/537.36 (KHTML, like Gecko) HeadlessChrome/78.0.3904.70 Safari/537.36"
65.154.226.220 - - [09/Mar/2020:06:13:58 +0000] "GET /vendor/fontawesome-free/webfonts/fa-solid-900.woff2 HTTP/1.1" 200 75671 "http://intermediclife.com/vendor/fontawesome-free/css/all.min.css" "Mozilla/5.0 (X11; Linux x86_64) AppleWebKit/537.36 (KHTML, like Gecko) HeadlessChrome/78.0.3904.70 Safari/537.36"
65.154.226.220 - - [09/Mar/2020:06:13:58 +0000] "GET /img/bg-masthead.jpg HTTP/1.1" 200 518851 "http://intermediclife.com/css/creative.min.css" "Mozilla/5.0 (X11; Linux x86_64) AppleWebKit/537.36 (KHTML, like Gecko) HeadlessChrome/78.0.3904.70 Safari/537.36"
65.154.226.109 - - [09/Mar/2020:06:14:10 +0000] "GET / HTTP/1.1" 200 2636 "http://www.bing.com/search?q=amazon" "Mozilla/5.0 (Linux; Android 7.0; SM-G930V Build/NRD90M) AppleWebKit/537.36 (KHTML, like Gecko) Chrome/59.0.3071.125 Mobile Safari/537.36"
70.42.131.189 - - [09/Mar/2020:06:14:10 +0000] "GET / HTTP/1.1" 200 2636 "http://www.bing.com/search?q=amazon" "Mozilla/5.0 (iPhone; CPU iPhone OS 10_3_1 like Mac OS X) AppleWebKit/603.1.30 (KHTML, like Gecko) Version/10.0 Mobile/14E304 Safari/602.1"
65.155.30.101 - - [09/Mar/2020:06:14:10 +0000] "GET / HTTP/1.1" 200 2636 "http://www.bing.com/search?q=amazon" "Mozilla/4.0 (compatible; MSIE 8.0; Windows NT 6.1; WOW64; Trident/4.0; SLCC2; .NET CLR 2.0.50727; .NET CLR 3.5.30729; .NET CLR 3.0.30729; Media Center PC 6.0; .NET4.0C; .NET4.0E; InfoPath.2)"
70.42.131.189 - - [09/Mar/2020:06:14:10 +0000] "GET /vendor/fontawesome-free/css/all.min.css HTTP/1.1" 200 12612 "http://intermediclife.com/" "Mozilla/5.0 (iPhone; CPU iPhone OS 10_3_1 like Mac OS X) AppleWebKit/603.1.30 (KHTML, like Gecko) Version/10.0 Mobile/14E304 Safari/602.1"
70.42.131.189 - - [09/Mar/2020:06:14:10 +0000] "GET /vendor/magnific-popup/magnific-popup.css HTTP/1.1" 200 2154 "http://intermediclife.com/" "Mozilla/5.0 (iPhone; CPU iPhone OS 10_3_1 like Mac OS X) AppleWebKit/603.1.30 (KHTML, like Gecko) Version/10.0 Mobile/14E304 Safari/602.1"
70.42.131.189 - - [09/Mar/2020:06:14:10 +0000] "GET /img/portfolio/thumbnails/6.jpg HTTP/1.1" 200 53717 "http://intermediclife.com/" "Mozilla/5.0 (iPhone; CPU iPhone OS 10_3_1 like Mac OS X) AppleWebKit/603.1.30 (KHTML, like Gecko) Version/10.0 Mobile/14E304 Safari/602.1"
70.42.131.189 - - [09/Mar/2020:06:14:10 +0000] "GET /img/portfolio/thumbnails/3.jpg HTTP/1.1" 200 48517 "http://intermediclife.com/" "Mozilla/5.0 (iPhone; CPU iPhone OS 10_3_1 like Mac OS X) AppleWebKit/603.1.30 (KHTML, like Gecko) Version/10.0 Mobile/14E304 Safari/602.1"
70.42.131.189 - - [09/Mar/2020:06:14:10 +0000] "GET /img/portfolio/thumbnails/4.jpg HTTP/1.1" 200 49344 "http://intermediclife.com/" "Mozilla/5.0 (iPhone; CPU iPhone OS 10_3_1 like Mac OS X) AppleWebKit/603.1.30 (KHTML, like Gecko) Version/10.0 Mobile/14E304 Safari/602.1"
70.42.131.189 - - [09/Mar/2020:06:14:10 +0000] "GET /css/creative.min.css HTTP/1.1" 200 23705 "http://intermediclife.com/" "Mozilla/5.0 (iPhone; CPU iPhone OS 10_3_1 like Mac OS X) AppleWebKit/603.1.30 (KHTML, like Gecko) Version/10.0 Mobile/14E304 Safari/602.1"
70.42.131.189 - - [09/Mar/2020:06:14:10 +0000] "GET /img/portfolio/thumbnails/5.jpg HTTP/1.1" 200 62622 "http://intermediclife.com/" "Mozilla/5.0 (iPhone; CPU iPhone OS 10_3_1 like Mac OS X) AppleWebKit/603.1.30 (KHTML, like Gecko) Version/10.0 Mobile/14E304 Safari/602.1"
65.154.226.109 - - [09/Mar/2020:06:14:10 +0000] "GET /vendor/fontawesome-free/css/all.min.css HTTP/1.1" 200 12612 "http://intermediclife.com/" "Mozilla/5.0 (Linux; Android 7.0; SM-G930V Build/NRD90M) AppleWebKit/537.36 (KHTML, like Gecko) Chrome/59.0.3071.125 Mobile Safari/537.36"
70.42.131.189 - - [09/Mar/2020:06:14:10 +0000] "GET /vendor/fontawesome-free/webfonts/fa-solid-900.woff2 HTTP/1.1" 200 75671 "http://intermediclife.com/vendor/fontawesome-free/css/all.min.css" "Mozilla/5.0 (iPhone; CPU iPhone OS 10_3_1 like Mac OS X) AppleWebKit/603.1.30 (KHTML, like Gecko) Version/10.0 Mobile/14E304 Safari/602.1"
65.154.226.109 - - [09/Mar/2020:06:14:10 +0000] "GET /vendor/magnific-popup/magnific-popup.css HTTP/1.1" 200 2154 "http://intermediclife.com/" "Mozilla/5.0 (Linux; Android 7.0; SM-G930V Build/NRD90M) AppleWebKit/537.36 (KHTML, like Gecko) Chrome/59.0.3071.125 Mobile Safari/537.36"
65.154.226.109 - - [09/Mar/2020:06:14:10 +0000] "GET /vendor/jquery/jquery.min.js HTTP/1.1" 200 31031 "http://intermediclife.com/" "Mozilla/5.0 (Linux; Android 7.0; SM-G930V Build/NRD90M) AppleWebKit/537.36 (KHTML, like Gecko) Chrome/59.0.3071.125 Mobile Safari/537.36"
65.154.226.109 - - [09/Mar/2020:06:14:10 +0000] "GET /css/creative.min.css HTTP/1.1" 200 23705 "http://intermediclife.com/" "Mozilla/5.0 (Linux; Android 7.0; SM-G930V Build/NRD90M) AppleWebKit/537.36 (KHTML, like Gecko) Chrome/59.0.3071.125 Mobile Safari/537.36"
65.154.226.109 - - [09/Mar/2020:06:14:10 +0000] "GET /img/portfolio/thumbnails/2.jpg HTTP/1.1" 200 48390 "http://intermediclife.com/" "Mozilla/5.0 (Linux; Android 7.0; SM-G930V Build/NRD90M) AppleWebKit/537.36 (KHTML, like Gecko) Chrome/59.0.3071.125 Mobile Safari/537.36"
65.154.226.109 - - [09/Mar/2020:06:14:10 +0000] "GET /img/portfolio/thumbnails/1.jpg HTTP/1.1" 200 64077 "http://intermediclife.com/" "Mozilla/5.0 (Linux; Android 7.0; SM-G930V Build/NRD90M) AppleWebKit/537.36 (KHTML, like Gecko) Chrome/59.0.3071.125 Mobile Safari/537.36"
65.154.226.109 - - [09/Mar/2020:06:14:10 +0000] "GET /img/portfolio/thumbnails/4.jpg HTTP/1.1" 200 49343 "http://intermediclife.com/" "Mozilla/5.0 (Linux; Android 7.0; SM-G930V Build/NRD90M) AppleWebKit/537.36 (KHTML, like Gecko) Chrome/59.0.3071.125 Mobile Safari/537.36"
65.154.226.109 - - [09/Mar/2020:06:14:10 +0000] "GET /img/portfolio/thumbnails/5.jpg HTTP/1.1" 200 62622 "http://intermediclife.com/" "Mozilla/5.0 (Linux; Android 7.0; SM-G930V Build/NRD90M) AppleWebKit/537.36 (KHTML, like Gecko) Chrome/59.0.3071.125 Mobile Safari/537.36"
70.42.131.189 - - [09/Mar/2020:06:14:10 +0000] "GET /img/portfolio/thumbnails/1.jpg HTTP/1.1" 200 64076 "http://intermediclife.com/" "Mozilla/5.0 (iPhone; CPU iPhone OS 10_3_1 like Mac OS X) AppleWebKit/603.1.30 (KHTML, like Gecko) Version/10.0 Mobile/14E304 Safari/602.1"
70.42.131.189 - - [09/Mar/2020:06:14:10 +0000] "GET /vendor/jquery/jquery.min.js HTTP/1.1" 200 31030 "http://intermediclife.com/" "Mozilla/5.0 (iPhone; CPU iPhone OS 10_3_1 like Mac OS X) AppleWebKit/603.1.30 (KHTML, like Gecko) Version/10.0 Mobile/14E304 Safari/602.1"
65.154.226.109 - - [09/Mar/2020:06:14:10 +0000] "GET /img/portfolio/thumbnails/6.jpg HTTP/1.1" 200 53716 "http://intermediclife.com/" "Mozilla/5.0 (Linux; Android 7.0; SM-G930V Build/NRD90M) AppleWebKit/537.36 (KHTML, like Gecko) Chrome/59.0.3071.125 Mobile Safari/537.36"
70.42.131.189 - - [09/Mar/2020:06:14:10 +0000] "GET /img/portfolio/thumbnails/2.jpg HTTP/1.1" 200 48389 "http://intermediclife.com/" "Mozilla/5.0 (iPhone; CPU iPhone OS 10_3_1 like Mac OS X) AppleWebKit/603.1.30 (KHTML, like Gecko) Version/10.0 Mobile/14E304 Safari/602.1"
70.42.131.189 - - [09/Mar/2020:06:14:10 +0000] "GET /vendor/jquery-easing/jquery.easing.min.js HTTP/1.1" 200 1166 "http://intermediclife.com/" "Mozilla/5.0 (iPhone; CPU iPhone OS 10_3_1 like Mac OS X) AppleWebKit/603.1.30 (KHTML, like Gecko) Version/10.0 Mobile/14E304 Safari/602.1"
65.154.226.109 - - [09/Mar/2020:06:14:10 +0000] "GET /img/portfolio/thumbnails/3.jpg HTTP/1.1" 200 48516 "http://intermediclife.com/" "Mozilla/5.0 (Linux; Android 7.0; SM-G930V Build/NRD90M) AppleWebKit/537.36 (KHTML, like Gecko) Chrome/59.0.3071.125 Mobile Safari/537.36"
65.154.226.109 - - [09/Mar/2020:06:14:10 +0000] "GET /vendor/bootstrap/js/bootstrap.bundle.min.js HTTP/1.1" 200 22648 "http://intermediclife.com/" "Mozilla/5.0 (Linux; Android 7.0; SM-G930V Build/NRD90M) AppleWebKit/537.36 (KHTML, like Gecko) Chrome/59.0.3071.125 Mobile Safari/537.36"
70.42.131.189 - - [09/Mar/2020:06:14:10 +0000] "GET /vendor/bootstrap/js/bootstrap.bundle.min.js HTTP/1.1" 200 22648 "http://intermediclife.com/" "Mozilla/5.0 (iPhone; CPU iPhone OS 10_3_1 like Mac OS X) AppleWebKit/603.1.30 (KHTML, like Gecko) Version/10.0 Mobile/14E304 Safari/602.1"
70.42.131.189 - - [09/Mar/2020:06:14:10 +0000] "GET /vendor/magnific-popup/jquery.magnific-popup.min.js HTTP/1.1" 200 7697 "http://intermediclife.com/" "Mozilla/5.0 (iPhone; CPU iPhone OS 10_3_1 like Mac OS X) AppleWebKit/603.1.30 (KHTML, like Gecko) Version/10.0 Mobile/14E304 Safari/602.1"
65.155.30.101 - - [09/Mar/2020:06:14:10 +0000] "GET /vendor/fontawesome-free/css/all.min.css HTTP/1.1" 200 12612 "http://intermediclife.com/" "Mozilla/4.0 (compatible; MSIE 8.0; Windows NT 6.1; WOW64; Trident/4.0; SLCC2; .NET CLR 2.0.50727; .NET CLR 3.5.30729; .NET CLR 3.0.30729; Media Center PC 6.0; .NET4.0C; .NET4.0E; InfoPath.2)"
65.154.226.109 - - [09/Mar/2020:06:14:10 +0000] "GET /vendor/jquery-easing/jquery.easing.min.js HTTP/1.1" 200 1166 "http://intermediclife.com/" "Mozilla/5.0 (Linux; Android 7.0; SM-G930V Build/NRD90M) AppleWebKit/537.36 (KHTML, like Gecko) Chrome/59.0.3071.125 Mobile Safari/537.36"
65.154.226.109 - - [09/Mar/2020:06:14:10 +0000] "GET /vendor/magnific-popup/jquery.magnific-popup.min.js HTTP/1.1" 200 7697 "http://intermediclife.com/" "Mozilla/5.0 (Linux; Android 7.0; SM-G930V Build/NRD90M) AppleWebKit/537.36 (KHTML, like Gecko) Chrome/59.0.3071.125 Mobile Safari/537.36"
65.154.226.109 - - [09/Mar/2020:06:14:10 +0000] "GET /js/creative.min.js HTTP/1.1" 200 1040 "http://intermediclife.com/" "Mozilla/5.0 (Linux; Android 7.0; SM-G930V Build/NRD90M) AppleWebKit/537.36 (KHTML, like Gecko) Chrome/59.0.3071.125 Mobile Safari/537.36"
70.42.131.189 - - [09/Mar/2020:06:14:10 +0000] "GET /js/creative.min.js HTTP/1.1" 200 1040 "http://intermediclife.com/" "Mozilla/5.0 (iPhone; CPU iPhone OS 10_3_1 like Mac OS X) AppleWebKit/603.1.30 (KHTML, like Gecko) Version/10.0 Mobile/14E304 Safari/602.1"
65.155.30.101 - - [09/Mar/2020:06:14:10 +0000] "GET /vendor/magnific-popup/magnific-popup.css HTTP/1.1" 200 2154 "http://intermediclife.com/" "Mozilla/4.0 (compatible; MSIE 8.0; Windows NT 6.1; WOW64; Trident/4.0; SLCC2; .NET CLR 2.0.50727; .NET CLR 3.5.30729; .NET CLR 3.0.30729; Media Center PC 6.0; .NET4.0C; .NET4.0E; InfoPath.2)"
65.155.30.101 - - [09/Mar/2020:06:14:10 +0000] "GET /img/portfolio/thumbnails/3.jpg HTTP/1.1" 200 48517 "http://intermediclife.com/" "Mozilla/4.0 (compatible; MSIE 8.0; Windows NT 6.1; WOW64; Trident/4.0; SLCC2; .NET CLR 2.0.50727; .NET CLR 3.5.30729; .NET CLR 3.0.30729; Media Center PC 6.0; .NET4.0C; .NET4.0E; InfoPath.2)"
65.155.30.101 - - [09/Mar/2020:06:14:10 +0000] "GET /img/portfolio/thumbnails/4.jpg HTTP/1.1" 200 49344 "http://intermediclife.com/" "Mozilla/4.0 (compatible; MSIE 8.0; Windows NT 6.1; WOW64; Trident/4.0; SLCC2; .NET CLR 2.0.50727; .NET CLR 3.5.30729; .NET CLR 3.0.30729; Media Center PC 6.0; .NET4.0C; .NET4.0E; InfoPath.2)"
65.155.30.101 - - [09/Mar/2020:06:14:10 +0000] "GET /css/creative.min.css HTTP/1.1" 200 23705 "http://intermediclife.com/" "Mozilla/4.0 (compatible; MSIE 8.0; Windows NT 6.1; WOW64; Trident/4.0; SLCC2; .NET CLR 2.0.50727; .NET CLR 3.5.30729; .NET CLR 3.0.30729; Media Center PC 6.0; .NET4.0C; .NET4.0E; InfoPath.2)"
65.155.30.101 - - [09/Mar/2020:06:14:10 +0000] "GET /img/portfolio/thumbnails/5.jpg HTTP/1.1" 200 62623 "http://intermediclife.com/" "Mozilla/4.0 (compatible; MSIE 8.0; Windows NT 6.1; WOW64; Trident/4.0; SLCC2; .NET CLR 2.0.50727; .NET CLR 3.5.30729; .NET CLR 3.0.30729; Media Center PC 6.0; .NET4.0C; .NET4.0E; InfoPath.2)"
65.154.226.109 - - [09/Mar/2020:06:14:10 +0000] "GET /vendor/fontawesome-free/webfonts/fa-solid-900.woff2 HTTP/1.1" 200 75671 "http://intermediclife.com/vendor/fontawesome-free/css/all.min.css" "Mozilla/5.0 (Linux; Android 7.0; SM-G930V Build/NRD90M) AppleWebKit/537.36 (KHTML, like Gecko) Chrome/59.0.3071.125 Mobile Safari/537.36"
70.42.131.189 - - [09/Mar/2020:06:14:10 +0000] "GET /img/bg-masthead.jpg HTTP/1.1" 200 518851 "http://intermediclife.com/css/creative.min.css" "Mozilla/5.0 (iPhone; CPU iPhone OS 10_3_1 like Mac OS X) AppleWebKit/603.1.30 (KHTML, like Gecko) Version/10.0 Mobile/14E304 Safari/602.1"
65.154.226.109 - - [09/Mar/2020:06:14:10 +0000] "GET /img/bg-masthead.jpg HTTP/1.1" 200 518851 "http://intermediclife.com/css/creative.min.css" "Mozilla/5.0 (Linux; Android 7.0; SM-G930V Build/NRD90M) AppleWebKit/537.36 (KHTML, like Gecko) Chrome/59.0.3071.125 Mobile Safari/537.36"
65.155.30.101 - - [09/Mar/2020:06:14:10 +0000] "GET /img/portfolio/thumbnails/6.jpg HTTP/1.1" 200 53716 "http://intermediclife.com/" "Mozilla/4.0 (compatible; MSIE 8.0; Windows NT 6.1; WOW64; Trident/4.0; SLCC2; .NET CLR 2.0.50727; .NET CLR 3.5.30729; .NET CLR 3.0.30729; Media Center PC 6.0; .NET4.0C; .NET4.0E; InfoPath.2)"
